// Vitest Snapshot v1, https://vitest.dev/guide/snapshot.html

exports[`Search > renders correctly 1`] = `
<DocumentFragment>
  <div
    class="relative focus-within:text-yellow-500 dark:text-white inline-block"
  >
    <input
      class="h-11 inline-block rounded-full px-4 w-64 pl-10 border border-gray-300 dark:border-gray-700 bg-slate-50 dark:bg-slate-900 text-slate-950 dark:text-white focus:outline-none focus:ring-2 ring-yellow-500  focus:bg-white focus:dark:bg-slate-800"
      placeholder="Search for a PokÃ©mon..."
      type="search"
      value=""
    />
    <svg
      class="lucide lucide-search absolute inset-y-0 my-auto left-4"
      fill="none"
      height="18"
      stroke="currentColor"
      stroke-linecap="round"
      stroke-linejoin="round"
      stroke-width="2"
      viewBox="0 0 24 24"
      width="18"
      xmlns="http://www.w3.org/2000/svg"
    >
      <circle
        cx="11"
        cy="11"
        r="8"
      />
      <path
        d="m21 21-4.3-4.3"
      />
    </svg>
  </div>
</DocumentFragment>
`;
