// Vitest Snapshot v1, https://vitest.dev/guide/snapshot.html

exports[`StatsCard Component > renders correctly with baseStats 1`] = `
<DocumentFragment>
  <section>
    <div>
      <h2
        class="text-slate-600 dark:text-slate-500 mb-1"
      >
        Stats
      </h2>
      <ul
        aria-label="List of Pokemon Base Stats"
        class="grid grid-cols-3 gap-y-6 gap-x-4 border dark:border-slate-800 bg-slate-100 bg-opacity-70 dark:bg-slate-900 p-4 rounded-xl"
      >
        <li>
          <div
            class="inline-flex justify-center flex-col items-center min-w-24"
          >
            <figure
              class="size-14 rounded-full bg-slate-400 bg-opacity-60 dark:bg-slate-900 grid place-content-center relative"
            >
              <div
                aria-label="HP: 60%"
                class="size-14 rounded-full"
                role="img"
              />
              <div
                class="size-11 rounded-full bg-slate-100 dark:bg-slate-900 absolute inset-0 m-auto grid place-content-center"
                style="color: red;"
              />
              <span
                aria-label="Pokemon stat name"
                aria-live="polite"
                class="absolute m-auto right-0 left-0 size-4 -bottom-2 text-xs text-slate-600 dark:text-slate-400"
              >
                60
              </span>
            </figure>
            <figcaption
              class="text-sm text-center text-slate-600 dark:text-slate-400 capitalize mt-3 font-semibold"
            >
              HP
            </figcaption>
          </div>
        </li>
        <li>
          <div
            class="inline-flex justify-center flex-col items-center min-w-24"
          >
            <figure
              class="size-14 rounded-full bg-slate-400 bg-opacity-60 dark:bg-slate-900 grid place-content-center relative"
            >
              <div
                aria-label="Attack: 80%"
                class="size-14 rounded-full"
                role="img"
              />
              <div
                class="size-11 rounded-full bg-slate-100 dark:bg-slate-900 absolute inset-0 m-auto grid place-content-center"
                style="color: blue;"
              />
              <span
                aria-label="Pokemon stat name"
                aria-live="polite"
                class="absolute m-auto right-0 left-0 size-4 -bottom-2 text-xs text-slate-600 dark:text-slate-400"
              >
                80
              </span>
            </figure>
            <figcaption
              class="text-sm text-center text-slate-600 dark:text-slate-400 capitalize mt-3 font-semibold"
            >
              Attack
            </figcaption>
          </div>
        </li>
        <li>
          <div
            class="inline-flex justify-center flex-col items-center min-w-24"
          >
            <figure
              class="size-14 rounded-full bg-slate-400 bg-opacity-60 dark:bg-slate-900 grid place-content-center relative"
            >
              <div
                aria-label="Defense: 70%"
                class="size-14 rounded-full"
                role="img"
              />
              <div
                class="size-11 rounded-full bg-slate-100 dark:bg-slate-900 absolute inset-0 m-auto grid place-content-center"
                style="color: green;"
              />
              <span
                aria-label="Pokemon stat name"
                aria-live="polite"
                class="absolute m-auto right-0 left-0 size-4 -bottom-2 text-xs text-slate-600 dark:text-slate-400"
              >
                70
              </span>
            </figure>
            <figcaption
              class="text-sm text-center text-slate-600 dark:text-slate-400 capitalize mt-3 font-semibold"
            >
              Defense
            </figcaption>
          </div>
        </li>
      </ul>
    </div>
  </section>
</DocumentFragment>
`;

exports[`StatsCard Component > renders nothing while navigating 1`] = `
<DocumentFragment>
  <section>
    <div />
  </section>
</DocumentFragment>
`;
