// Vitest Snapshot v1, https://vitest.dev/guide/snapshot.html

exports[`TypeFilter > renders correctly 1`] = `
<DocumentFragment>
  <div
    class="w-44 inline-block"
  >
    <div
      class="relative"
    >
      <input
        aria-autocomplete="list"
        aria-expanded="false"
        aria-label="Type filter"
        class="w-full rounded-full border py-1.5 pr-8 pl-3 h-11 text-sm/6 dark:text-white dark:border-slate-800 border-slate-300 bg-slate-50 dark:bg-slate-900 select-none focus:outline-none data-[focus]:outline-2 data-[focus]:-outline-offset-1 data-[focus]:outline-yellow-500"
        data-headlessui-state=""
        id="headlessui-combobox-input-:r2:"
        readonly=""
        role="combobox"
        type="text"
        value=""
      />
      <button
        aria-expanded="false"
        aria-haspopup="listbox"
        aria-label="Open type filter menu"
        class="group rounded-full w-full h-11 flex justify-end items-center dark:text-slate-400 inset-y-0 my-auto absolute px-3"
        data-headlessui-state=""
        id="headlessui-combobox-button-:r3:"
        tabindex="-1"
        type="button"
      >
        <svg
          class="lucide lucide-chevron-down size-4 dark:text-slate-50"
          fill="none"
          height="24"
          stroke="currentColor"
          stroke-linecap="round"
          stroke-linejoin="round"
          stroke-width="2"
          viewBox="0 0 24 24"
          width="24"
          xmlns="http://www.w3.org/2000/svg"
        >
          <path
            d="m6 9 6 6 6-6"
          />
        </svg>
      </button>
    </div>
  </div>
</DocumentFragment>
`;
